==49316== Memcheck, a memory error detector
==49316== Copyright (C) 2002-2024, and GNU GPL'd, by Julian Seward et al.
==49316== Using Valgrind-3.25.1 and LibVEX; rerun with -h for copyright info
==49316== Command: ./main
==49316== Parent PID: 49314
==49316== 
==49316== 
==49316== Process terminating with default action of signal 2 (SIGINT)
==49316==    at 0x5E21827: futex_wake (futex-internal.h:189)
==49316==    by 0x5E21827: __pthread_once_slow.isra.0 (pthread_once.c:127)
==49316==    by 0x5E21878: pthread_once@@GLIBC_2.34 (pthread_once.c:143)
==49316==    by 0x4A2CA58: ??? (in /usr/lib/libnvidia-ml.so.610.57.04)
==49316==    by 0x48B49D6: ??? (in /usr/lib/libnvidia-ml.so.610.57.04)
==49316==    by 0x4001505: GetVRAM (hardware.c:13)
==49316==    by 0x400137C: main (main.c:22)
==49316== 
==49316== HEAP SUMMARY:
==49316==     in use at exit: 7,745 bytes in 18 blocks
==49316==   total heap usage: 40 allocs, 22 frees, 34,393 bytes allocated
==49316== 
==49316== 384 bytes in 8 blocks are possibly lost in loss record 6 of 11
==49316==    at 0x487D8A8: malloc (vg_replace_malloc.c:446)
==49316==    by 0x6A00165: ??? (in /usr/lib/libcuda.so.610.57.04)
==49316==    by 0x69FFC0C: ??? (in /usr/lib/libcuda.so.610.57.04)
==49316==    by 0x669CA04: ??? (in /usr/lib/libcuda.so.610.57.04)
==49316==    by 0x7914341: ??? (in /usr/lib/libcuda.so.610.57.04)
==49316==    by 0x669A012: ??? (in /usr/lib/libcuda.so.610.57.04)
==49316==    by 0x400C2CC: _dl_init (dl-init.c:121)
==49316==    by 0x4008526: _dl_catch_exception (dl-catch.c:215)
==49316==    by 0x4013618: dl_open_worker (dl-open.c:798)
==49316==    by 0x4008478: _dl_catch_exception (dl-catch.c:241)
==49316==    by 0x4013AE9: _dl_open (dl-open.c:899)
==49316==    by 0x5E18533: dlopen_doit (dlopen.c:56)
==49316== 
{
   <insert_a_suppression_name_here>
   Memcheck:Leak
   match-leak-kinds: possible
   fun:malloc
   obj:/usr/lib/libcuda.so.610.57.04
   obj:/usr/lib/libcuda.so.610.57.04
   obj:/usr/lib/libcuda.so.610.57.04
   obj:/usr/lib/libcuda.so.610.57.04
   obj:/usr/lib/libcuda.so.610.57.04
   fun:_dl_init
   fun:_dl_catch_exception
   fun:dl_open_worker
   fun:_dl_catch_exception
   fun:_dl_open
   fun:dlopen_doit
}
==49316== 2,808 bytes in 1 blocks are possibly lost in loss record 11 of 11
==49316==    at 0x487D8A8: malloc (vg_replace_malloc.c:446)
==49316==    by 0x400BA6E: malloc (rtld-malloc.h:56)
==49316==    by 0x400BA6E: _dlfo_mappings_segment_allocate (dl-find_object.c:217)
==49316==    by 0x400BA6E: _dl_find_object_update_1 (dl-find_object.c:696)
==49316==    by 0x400BA6E: _dl_find_object_update (dl-find_object.c:829)
==49316==    by 0x40144D8: dl_open_worker_begin (dl-open.c:727)
==49316==    by 0x4008478: _dl_catch_exception (dl-catch.c:241)
==49316==    by 0x4013582: dl_open_worker (dl-open.c:761)
==49316==    by 0x4008478: _dl_catch_exception (dl-catch.c:241)
==49316==    by 0x4013AE9: _dl_open (dl-open.c:899)
==49316==    by 0x5E18533: dlopen_doit (dlopen.c:56)
==49316==    by 0x4008478: _dl_catch_exception (dl-catch.c:241)
==49316==    by 0x40085C8: _dl_catch_error (dl-catch.c:260)
==49316==    by 0x5E18002: _dlerror_run (dlerror.c:138)
==49316==    by 0x5E185EA: dlopen_implementation (dlopen.c:71)
==49316==    by 0x5E185EA: dlopen@@GLIBC_2.34 (dlopen.c:81)
==49316== 
{
   <insert_a_suppression_name_here>
   Memcheck:Leak
   match-leak-kinds: possible
   fun:malloc
   fun:malloc
   fun:_dlfo_mappings_segment_allocate
   fun:_dl_find_object_update_1
   fun:_dl_find_object_update
   fun:dl_open_worker_begin
   fun:_dl_catch_exception
   fun:dl_open_worker
   fun:_dl_catch_exception
   fun:_dl_open
   fun:dlopen_doit
   fun:_dl_catch_exception
   fun:_dl_catch_error
   fun:_dlerror_run
   fun:dlopen_implementation
   fun:dlopen@@GLIBC_2.34
}
==49316== LEAK SUMMARY:
==49316==    definitely lost: 0 bytes in 0 blocks
==49316==    indirectly lost: 0 bytes in 0 blocks
==49316==      possibly lost: 3,192 bytes in 9 blocks
==49316==    still reachable: 4,553 bytes in 9 blocks
==49316==         suppressed: 0 bytes in 0 blocks
==49316== Reachable blocks (those to which a pointer was found) are not shown.
==49316== To see them, rerun with: --leak-check=full --show-leak-kinds=all
==49316== 
==49316== For lists of detected and suppressed errors, rerun with: -s
==49316== ERROR SUMMARY: 2 errors from 2 contexts (suppressed: 0 from 0)
